Using pre-set license
Built from '6000.0/staging' branch; Version is '6000.0.34f1 (5ab2d9ed9190) revision 5944025'; Using compiler version '193933523'; Build Type 'Release'
OS: 'Windows 10  (10.0.19045) 64bit Professional' Language: 'es' Physical Memory: 16173 MB
BatchMode: 1, IsHumanControllingUs: 0, StartBugReporterOnCrash: 0, Is64bit: 1, IsPro: 1

COMMAND LINE ARGUMENTS:
C:\Program Files\Unity\Hub\Editor\6000.0.34f1\Editor\Unity.exe
-adb2
-batchMode
-noUpm
-name
AssetImportWorker0
-projectPath
C:/Users/Esdras/primer-ventana
-logFile
Logs/AssetImportWorker0.log
-srvPort
50586
-job-worker-count
5
-background-job-worker-count
8
-gc-helper-count
1
Successfully changed project path to: C:/Users/Esdras/primer-ventana
C:/Users/Esdras/primer-ventana
[UnityMemory] Configuration Parameters - Can be set up in boot.config
    "memorysetup-bucket-allocator-granularity=16"
    "memorysetup-bucket-allocator-bucket-count=8"
    "memorysetup-bucket-allocator-block-size=33554432"
    "memorysetup-bucket-allocator-block-count=8"
    "memorysetup-main-allocator-block-size=16777216"
    "memorysetup-thread-allocator-block-size=16777216"
    "memorysetup-gfx-main-allocator-block-size=16777216"
    "memorysetup-gfx-thread-allocator-block-size=16777216"
    "memorysetup-cache-allocator-block-size=4194304"
    "memorysetup-typetree-allocator-block-size=2097152"
    "memorysetup-profiler-bucket-allocator-granularity=16"
    "memorysetup-profiler-bucket-allocator-bucket-count=8"
    "memorysetup-profiler-bucket-allocator-block-size=33554432"
    "memorysetup-profiler-bucket-allocator-block-count=8"
    "memorysetup-profiler-allocator-block-size=16777216"
    "memorysetup-profiler-editor-allocator-block-size=1048576"
    "memorysetup-temp-allocator-size-main=16777216"
    "memorysetup-job-temp-allocator-block-size=2097152"
    "memorysetup-job-temp-allocator-block-size-background=1048576"
    "memorysetup-job-temp-allocator-reduction-small-platforms=262144"
    "memorysetup-allocator-temp-initial-block-size-main=262144"
    "memorysetup-allocator-temp-initial-block-size-worker=262144"
    "memorysetup-temp-allocator-size-background-worker=32768"
    "memorysetup-temp-allocator-size-job-worker=262144"
    "memorysetup-temp-allocator-size-preload-manager=33554432"
    "memorysetup-temp-allocator-size-nav-mesh-worker=65536"
    "memorysetup-temp-allocator-size-audio-worker=65536"
    "memorysetup-temp-allocator-size-cloud-worker=32768"
    "memorysetup-temp-allocator-size-gi-baking-worker=262144"
    "memorysetup-temp-allocator-size-gi-baking-worker=262144"
    "memorysetup-temp-allocator-size-gi-baking-worker=262144"
    "memorysetup-temp-allocator-size-gi-baking-worker=262144"
    "memorysetup-temp-allocator-size-gi-baking-worker=262144"
    "memorysetup-temp-allocator-size-gfx=262144"
Player connection [19900]  Target information:

Player connection [19900]  * "[IP] 192.168.56.2 [Port] 0 [Flags] 2 [Guid] 3811301784 [EditorId] 3811301784 [Version] 1048832 [Id] WindowsEditor(7,DESKTOP-EKQA9CF) [Debug] 1 [PackageName] WindowsEditor [ProjectName] Editor" 

Player connection [19900]  * "[IP] 192.168.1.93 [Port] 0 [Flags] 2 [Guid] 3811301784 [EditorId] 3811301784 [Version] 1048832 [Id] WindowsEditor(7,DESKTOP-EKQA9CF) [Debug] 1 [PackageName] WindowsEditor [ProjectName] Editor" 

Player connection [19900]  * "[IP] 192.168.56.1 [Port] 0 [Flags] 2 [Guid] 3811301784 [EditorId] 3811301784 [Version] 1048832 [Id] WindowsEditor(7,DESKTOP-EKQA9CF) [Debug] 1 [PackageName] WindowsEditor [ProjectName] Editor" 

Player connection [19900] Host joined multi-casting on [225.0.0.222:54997]...
Player connection [19900] Host joined alternative multi-casting on [225.0.0.222:34997]...
JobSystem: Creating JobQueue using job-worker-count value 5
Input System module state changed to: Initialized.
[Physics::Module] Initialized fallback backend.
[Physics::Module] Id: 0xdecafbad
Library Redirect Path: Library/
[Physics::Module] Selected backend.
[Physics::Module] Name: PhysX
[Physics::Module] Id: 0xf2b8ea05
[Physics::Module] SDK Version: 4.1.2
[Physics::Module] Integration Version: 1.0.0
[Physics::Module] Threading Mode: Multi-Threaded
Refreshing native plugins compatible for Editor in 3.58 ms, found 4 plugins.
Preloading 0 native plugins for Editor in 0.00 ms.
Initialize engine version: 6000.0.34f1 (5ab2d9ed9190)
[Subsystems] Discovering subsystems at path C:/Program Files/Unity/Hub/Editor/6000.0.34f1/Editor/Data/Resources/UnitySubsystems
[Subsystems] Discovering subsystems at path C:/Users/Esdras/primer-ventana/Assets
GfxDevice: creating device client; kGfxThreadingModeNonThreaded
Direct3D:
    Version:  Direct3D 11.0 [level 11.1]
    Renderer: NVIDIA GeForce RTX 3060 (ID=0x2504)
    Vendor:   NVIDIA
    VRAM:     12115 MB
    Driver:   32.0.15.6094
Initialize mono
Mono path[0] = 'C:/Program Files/Unity/Hub/Editor/6000.0.34f1/Editor/Data/Managed'
Mono path[1] = 'C:/Program Files/Unity/Hub/Editor/6000.0.34f1/Editor/Data/MonoBleedingEdge/lib/mono/unityjit-win32'
Mono config path = 'C:/Program Files/Unity/Hub/Editor/6000.0.34f1/Editor/Data/MonoBleedingEdge/etc'
Using monoOptions --debugger-agent=transport=dt_socket,embedding=1,server=y,suspend=n,address=127.0.0.1:56888
Begin MonoManager ReloadAssembly
Registering precompiled unity dll's ...
Register platform support module: C:/Program Files/Unity/Hub/Editor/6000.0.34f1/Editor/Data/PlaybackEngines/WebGLSupport/UnityEditor.WebGL.Extensions.dll
Register platform support module: C:/Program Files/Unity/Hub/Editor/6000.0.34f1/Editor/Data/PlaybackEngines/WindowsStandaloneSupport/UnityEditor.WindowsStandalone.Extensions.dll
Registered in 0.005790 seconds.
- Loaded All Assemblies, in  0.551 seconds
Native extension for WindowsStandalone target not found
Native extension for WebGL target not found
Mono: successfully reloaded assembly
- Finished resetting the current domain, in  0.449 seconds
Domain Reload Profiling: 995ms
	BeginReloadAssembly (173ms)
		ExecutionOrderSort (0ms)
		DisableScriptedObjects (0ms)
		BackupInstance (0ms)
		ReleaseScriptingObjects (0ms)
		CreateAndSetChildDomain (1ms)
	RebuildCommonClasses (44ms)
	RebuildNativeTypeToScriptingClass (14ms)
	initialDomainReloadingComplete (103ms)
	LoadAllAssembliesAndSetupDomain (212ms)
		LoadAssemblies (169ms)
		RebuildTransferFunctionScriptingTraits (0ms)
		AnalyzeDomain (208ms)
			TypeCache.Refresh (206ms)
				TypeCache.ScanAssembly (189ms)
			BuildScriptInfoCaches (0ms)
			ResolveRequiredComponents (1ms)
	FinalizeReload (449ms)
		ReleaseScriptCaches (0ms)
		RebuildScriptCaches (0ms)
		SetupLoadedEditorAssemblies (390ms)
			LogAssemblyErrors (0ms)
			InitializePlatformSupportModulesInManaged (38ms)
			SetLoadedEditorAssemblies (7ms)
			BeforeProcessingInitializeOnLoad (66ms)
			ProcessInitializeOnLoadAttributes (206ms)
			ProcessInitializeOnLoadMethodAttributes (72ms)
			AfterProcessingInitializeOnLoad (0ms)
			EditorAssembliesLoaded (0ms)
		ExecutionOrderSort2 (0ms)
		AwakeInstancesAfterBackupRestoration (0ms)
Assembly reference Packages/com.unity.cinemachine/Editor/Samples/ExposeHDRPInternals/HDRP-Editor-ref.asmref has no target assembly definition
========================================================================
Worker process is ready to serve import requests
Import Worker Mode flag is 0x00
Assembly reference Packages/com.unity.cinemachine/Editor/Samples/ExposeHDRPInternals/HDRP-Editor-ref.asmref has no target assembly definition
Assembly reference Packages/com.unity.cinemachine/Editor/Samples/ExposeHDRPInternals/HDRP-Editor-ref.asmref has no target assembly definition
Begin MonoManager ReloadAssembly
- Loaded All Assemblies, in  1.311 seconds
Assembly reference Packages/com.unity.cinemachine/Editor/Samples/ExposeHDRPInternals/HDRP-Editor-ref.asmref has no target assembly definition
'Packages/com.unity.cinemachine/Editor/Obsolete/CinemachineVirtualCameraBaseEditor.cs' contains partial class of Unity.Object, exactly 1 of the partial classes needs to be in a file with the same filename. This is to know the one that can be referenced from ie. GameObjects
'Packages/com.unity.cinemachine/Editor/Editors/CinemachineVirtualCameraBaseEditor.cs' contains partial class of Unity.Object, exactly 1 of the partial classes needs to be in a file with the same filename. This is to know the one that can be referenced from ie. GameObjects
Refreshing native plugins compatible for Editor in 2.24 ms, found 4 plugins.
Native extension for WindowsStandalone target not found
Native extension for WebGL target not found
Assembly reference Packages/com.unity.cinemachine/Editor/Samples/ExposeHDRPInternals/HDRP-Editor-ref.asmref has no target assembly definition
Package Manager log level set to [2]
[Package Manager] Failed to launch server process. Reason: Unity was launched with the -noUpm command-line argument
[Package Manager] Unable to send message (not connected to server process).
[Package Manager] Cannot connect to Unity Package Manager local server
Mono: successfully reloaded assembly
- Finished resetting the current domain, in  1.207 seconds
Domain Reload Profiling: 2508ms
	BeginReloadAssembly (221ms)
		ExecutionOrderSort (0ms)
		DisableScriptedObjects (10ms)
		BackupInstance (0ms)
		ReleaseScriptingObjects (0ms)
		CreateAndSetChildDomain (41ms)
	RebuildCommonClasses (54ms)
	RebuildNativeTypeToScriptingClass (16ms)
	initialDomainReloadingComplete (54ms)
	LoadAllAssembliesAndSetupDomain (956ms)
		LoadAssemblies (569ms)
		RebuildTransferFunctionScriptingTraits (0ms)
		AnalyzeDomain (518ms)
			TypeCache.Refresh (353ms)
				TypeCache.ScanAssembly (332ms)
			BuildScriptInfoCaches (142ms)
			ResolveRequiredComponents (18ms)
	FinalizeReload (1207ms)
		ReleaseScriptCaches (0ms)
		RebuildScriptCaches (0ms)
		SetupLoadedEditorAssemblies (1002ms)
			LogAssemblyErrors (0ms)
			InitializePlatformSupportModulesInManaged (6ms)
			SetLoadedEditorAssemblies (9ms)
			BeforeProcessingInitializeOnLoad (175ms)
			ProcessInitializeOnLoadAttributes (644ms)
			ProcessInitializeOnLoadMethodAttributes (159ms)
			AfterProcessingInitializeOnLoad (9ms)
			EditorAssembliesLoaded (0ms)
		ExecutionOrderSort2 (0ms)
		AwakeInstancesAfterBackupRestoration (7ms)
Launched and connected shader compiler UnityShaderCompiler.exe after 0.01 seconds
Refreshing native plugins compatible for Editor in 2.73 ms, found 4 plugins.
Preloading 0 native plugins for Editor in 0.00 ms.
Unloading 230 Unused Serialized files (Serialized files now loaded: 0)
Unloading 6963 unused Assets / (6.0 MB). Loaded Objects now: 7709.
Memory consumption went from 197.0 MB to 191.0 MB.
Total: 18.291700 ms (FindLiveObjects: 1.231600 ms CreateObjectMapping: 1.601100 ms MarkObjects: 9.612700 ms  DeleteObjects: 5.842800 ms)

========================================================================
Received Import Request.
  Time since last request: 1334.158003 seconds.
  path: Assets/scripts/Bullet.cs
  artifactKey: Guid(d7ece56b5237dd043b31efdb61722b32) Importer(815301076,1909f56bfc062723c751e8b465ee728b)
Start importing Assets/scripts/Bullet.cs using Guid(d7ece56b5237dd043b31efdb61722b32) Importer(815301076,1909f56bfc062723c751e8b465ee728b) (PreviewImporter) -> (artifact id: 'b1ad7935c442e0cf990b509a9b06a285') in 0.0072164 seconds
Number of updated asset objects reloaded before import = 0Number of asset objects unloaded after import = 0

========================================================================
Received Prepare
Assembly reference Packages/com.unity.cinemachine/Editor/Samples/ExposeHDRPInternals/HDRP-Editor-ref.asmref has no target assembly definition
Assembly reference Packages/com.unity.cinemachine/Editor/Samples/ExposeHDRPInternals/HDRP-Editor-ref.asmref has no target assembly definition
Begin MonoManager ReloadAssembly
- Loaded All Assemblies, in  1.096 seconds
Assembly reference Packages/com.unity.cinemachine/Editor/Samples/ExposeHDRPInternals/HDRP-Editor-ref.asmref has no target assembly definition
'Packages/com.unity.cinemachine/Editor/Obsolete/CinemachineVirtualCameraBaseEditor.cs' contains partial class of Unity.Object, exactly 1 of the partial classes needs to be in a file with the same filename. This is to know the one that can be referenced from ie. GameObjects
'Packages/com.unity.cinemachine/Editor/Editors/CinemachineVirtualCameraBaseEditor.cs' contains partial class of Unity.Object, exactly 1 of the partial classes needs to be in a file with the same filename. This is to know the one that can be referenced from ie. GameObjects
Refreshing native plugins compatible for Editor in 2.81 ms, found 4 plugins.
Native extension for WindowsStandalone target not found
Native extension for WebGL target not found
Assembly reference Packages/com.unity.cinemachine/Editor/Samples/ExposeHDRPInternals/HDRP-Editor-ref.asmref has no target assembly definition
[Package Manager] Failed to launch server process. Reason: Unity was launched with the -noUpm command-line argument
[Package Manager] Unable to send message (not connected to server process).
[Package Manager] Cannot connect to Unity Package Manager local server
Mono: successfully reloaded assembly
- Finished resetting the current domain, in  1.116 seconds
Domain Reload Profiling: 2208ms
	BeginReloadAssembly (259ms)
		ExecutionOrderSort (0ms)
		DisableScriptedObjects (19ms)
		BackupInstance (0ms)
		ReleaseScriptingObjects (0ms)
		CreateAndSetChildDomain (70ms)
	RebuildCommonClasses (41ms)
	RebuildNativeTypeToScriptingClass (14ms)
	initialDomainReloadingComplete (37ms)
	LoadAllAssembliesAndSetupDomain (740ms)
		LoadAssemblies (530ms)
		RebuildTransferFunctionScriptingTraits (0ms)
		AnalyzeDomain (327ms)
			TypeCache.Refresh (14ms)
				TypeCache.ScanAssembly (2ms)
			BuildScriptInfoCaches (293ms)
			ResolveRequiredComponents (16ms)
	FinalizeReload (1116ms)
		ReleaseScriptCaches (0ms)
		RebuildScriptCaches (0ms)
		SetupLoadedEditorAssemblies (858ms)
			LogAssemblyErrors (0ms)
			InitializePlatformSupportModulesInManaged (4ms)
			SetLoadedEditorAssemblies (7ms)
			BeforeProcessingInitializeOnLoad (164ms)
			ProcessInitializeOnLoadAttributes (577ms)
			ProcessInitializeOnLoadMethodAttributes (97ms)
			AfterProcessingInitializeOnLoad (9ms)
			EditorAssembliesLoaded (0ms)
		ExecutionOrderSort2 (0ms)
		AwakeInstancesAfterBackupRestoration (16ms)
Refreshing native plugins compatible for Editor in 2.42 ms, found 4 plugins.
Preloading 0 native plugins for Editor in 0.00 ms.
Unloading 14 Unused Serialized files (Serialized files now loaded: 0)
Unloading 6962 unused Assets / (5.0 MB). Loaded Objects now: 7714.
Memory consumption went from 164.2 MB to 159.2 MB.
Total: 14.336700 ms (FindLiveObjects: 1.409000 ms CreateObjectMapping: 1.119500 ms MarkObjects: 7.845300 ms  DeleteObjects: 3.960900 ms)

Prepare: number of updated asset objects reloaded= 0
========================================================================
Received Import Request.
  Time since last request: 14.832804 seconds.
  path: Assets/scripts/Bullet.cs
  artifactKey: Guid(d7ece56b5237dd043b31efdb61722b32) Importer(815301076,1909f56bfc062723c751e8b465ee728b)
Start importing Assets/scripts/Bullet.cs using Guid(d7ece56b5237dd043b31efdb61722b32) Importer(815301076,1909f56bfc062723c751e8b465ee728b) (PreviewImporter) -> (artifact id: '00000000000000000000000000000000') in 0.0118058 seconds
Import Error Code:(4)
Message: Build asset version error: assets/scripts/bullet.cs in SourceAssetDB has modification time of '2025-03-19T22:53:49.6375417Z' while content on disk has modification time of '2025-03-19T22:54:05.2655147Z'
  ERROR: Build asset version error: assets/scripts/bullet.cs in SourceAssetDB has modification time of '2025-03-19T22:53:49.6375417Z' while content on disk has modification time of '2025-03-19T22:54:05.2655147Z'
Number of updated asset objects reloaded before import = 0Number of asset objects unloaded after import = 0

========================================================================
Received Import Request.
  Time since last request: 0.000037 seconds.
  path: Assets/scripts/Bullet.cs
  artifactKey: Guid(d7ece56b5237dd043b31efdb61722b32) Importer(815301076,1909f56bfc062723c751e8b465ee728b)
Start importing Assets/scripts/Bullet.cs using Guid(d7ece56b5237dd043b31efdb61722b32) Importer(815301076,1909f56bfc062723c751e8b465ee728b) (PreviewImporter) -> (artifact id: '00000000000000000000000000000000') in 0.0007347 seconds
Import Error Code:(4)
Message: Build asset version error: assets/scripts/bullet.cs in SourceAssetDB has modification time of '2025-03-19T22:53:49.6375417Z' while content on disk has modification time of '2025-03-19T22:54:05.2655147Z'
  ERROR: Build asset version error: assets/scripts/bullet.cs in SourceAssetDB has modification time of '2025-03-19T22:53:49.6375417Z' while content on disk has modification time of '2025-03-19T22:54:05.2655147Z'
Number of updated asset objects reloaded before import = 0Number of asset objects unloaded after import = 0

========================================================================
Received Import Request.
  Time since last request: 0.000017 seconds.
  path: Assets/scripts/Bullet.cs
  artifactKey: Guid(d7ece56b5237dd043b31efdb61722b32) Importer(815301076,1909f56bfc062723c751e8b465ee728b)
Start importing Assets/scripts/Bullet.cs using Guid(d7ece56b5237dd043b31efdb61722b32) Importer(815301076,1909f56bfc062723c751e8b465ee728b) (PreviewImporter) -> (artifact id: '00000000000000000000000000000000') in 0.0006194 seconds
Import Error Code:(4)
Message: Build asset version error: assets/scripts/bullet.cs in SourceAssetDB has modification time of '2025-03-19T22:53:49.6375417Z' while content on disk has modification time of '2025-03-19T22:54:05.2655147Z'
  ERROR: Build asset version error: assets/scripts/bullet.cs in SourceAssetDB has modification time of '2025-03-19T22:53:49.6375417Z' while content on disk has modification time of '2025-03-19T22:54:05.2655147Z'
Number of updated asset objects reloaded before import = 0Number of asset objects unloaded after import = 0

========================================================================
Received Import Request.
  Time since last request: 0.000017 seconds.
  path: Assets/scripts/Bullet.cs
  artifactKey: Guid(d7ece56b5237dd043b31efdb61722b32) Importer(815301076,1909f56bfc062723c751e8b465ee728b)
Start importing Assets/scripts/Bullet.cs using Guid(d7ece56b5237dd043b31efdb61722b32) Importer(815301076,1909f56bfc062723c751e8b465ee728b) (PreviewImporter) -> (artifact id: '00000000000000000000000000000000') in 0.0006241 seconds
Import Error Code:(4)
Message: Build asset version error: assets/scripts/bullet.cs in SourceAssetDB has modification time of '2025-03-19T22:53:49.6375417Z' while content on disk has modification time of '2025-03-19T22:54:05.2655147Z'
  ERROR: Build asset version error: assets/scripts/bullet.cs in SourceAssetDB has modification time of '2025-03-19T22:53:49.6375417Z' while content on disk has modification time of '2025-03-19T22:54:05.2655147Z'
Number of updated asset objects reloaded before import = 0Number of asset objects unloaded after import = 0

========================================================================
Received Import Request.
  Time since last request: 0.000022 seconds.
  path: Assets/scripts/Bullet.cs
  artifactKey: Guid(d7ece56b5237dd043b31efdb61722b32) Importer(815301076,1909f56bfc062723c751e8b465ee728b)
Start importing Assets/scripts/Bullet.cs using Guid(d7ece56b5237dd043b31efdb61722b32) Importer(815301076,1909f56bfc062723c751e8b465ee728b) (PreviewImporter) -> (artifact id: '00000000000000000000000000000000') in 0.0007952 seconds
Import Error Code:(4)
Message: Build asset version error: assets/scripts/bullet.cs in SourceAssetDB has modification time of '2025-03-19T22:53:49.6375417Z' while content on disk has modification time of '2025-03-19T22:54:05.2655147Z'
  ERROR: Build asset version error: assets/scripts/bullet.cs in SourceAssetDB has modification time of '2025-03-19T22:53:49.6375417Z' while content on disk has modification time of '2025-03-19T22:54:05.2655147Z'
Number of updated asset objects reloaded before import = 0Number of asset objects unloaded after import = 0

========================================================================
Received Import Request.
  Time since last request: 0.000020 seconds.
  path: Assets/scripts/Bullet.cs
  artifactKey: Guid(d7ece56b5237dd043b31efdb61722b32) Importer(815301076,1909f56bfc062723c751e8b465ee728b)
Start importing Assets/scripts/Bullet.cs using Guid(d7ece56b5237dd043b31efdb61722b32) Importer(815301076,1909f56bfc062723c751e8b465ee728b) (PreviewImporter) -> (artifact id: '00000000000000000000000000000000') in 0.0007513 seconds
Import Error Code:(4)
Message: Build asset version error: assets/scripts/bullet.cs in SourceAssetDB has modification time of '2025-03-19T22:53:49.6375417Z' while content on disk has modification time of '2025-03-19T22:54:05.2655147Z'
  ERROR: Build asset version error: assets/scripts/bullet.cs in SourceAssetDB has modification time of '2025-03-19T22:53:49.6375417Z' while content on disk has modification time of '2025-03-19T22:54:05.2655147Z'
Number of updated asset objects reloaded before import = 0Number of asset objects unloaded after import = 0

========================================================================
Received Import Request.
  Time since last request: 0.000032 seconds.
  path: Assets/scripts/Bullet.cs
  artifactKey: Guid(d7ece56b5237dd043b31efdb61722b32) Importer(815301076,1909f56bfc062723c751e8b465ee728b)
Start importing Assets/scripts/Bullet.cs using Guid(d7ece56b5237dd043b31efdb61722b32) Importer(815301076,1909f56bfc062723c751e8b465ee728b) (PreviewImporter) -> (artifact id: '00000000000000000000000000000000') in 0.0007377 seconds
Import Error Code:(4)
Message: Build asset version error: assets/scripts/bullet.cs in SourceAssetDB has modification time of '2025-03-19T22:53:49.6375417Z' while content on disk has modification time of '2025-03-19T22:54:05.2655147Z'
  ERROR: Build asset version error: assets/scripts/bullet.cs in SourceAssetDB has modification time of '2025-03-19T22:53:49.6375417Z' while content on disk has modification time of '2025-03-19T22:54:05.2655147Z'
Number of updated asset objects reloaded before import = 0Number of asset objects unloaded after import = 0

========================================================================
Received Import Request.
  Time since last request: 0.000017 seconds.
  path: Assets/scripts/Bullet.cs
  artifactKey: Guid(d7ece56b5237dd043b31efdb61722b32) Importer(815301076,1909f56bfc062723c751e8b465ee728b)
Start importing Assets/scripts/Bullet.cs using Guid(d7ece56b5237dd043b31efdb61722b32) Importer(815301076,1909f56bfc062723c751e8b465ee728b) (PreviewImporter) -> (artifact id: '00000000000000000000000000000000') in 0.0006982 seconds
Import Error Code:(4)
Message: Build asset version error: assets/scripts/bullet.cs in SourceAssetDB has modification time of '2025-03-19T22:53:49.6375417Z' while content on disk has modification time of '2025-03-19T22:54:05.2655147Z'
  ERROR: Build asset version error: assets/scripts/bullet.cs in SourceAssetDB has modification time of '2025-03-19T22:53:49.6375417Z' while content on disk has modification time of '2025-03-19T22:54:05.2655147Z'
Number of updated asset objects reloaded before import = 0Number of asset objects unloaded after import = 0

========================================================================
Received Import Request.
  Time since last request: 0.000028 seconds.
  path: Assets/scripts/Bullet.cs
  artifactKey: Guid(d7ece56b5237dd043b31efdb61722b32) Importer(815301076,1909f56bfc062723c751e8b465ee728b)
Start importing Assets/scripts/Bullet.cs using Guid(d7ece56b5237dd043b31efdb61722b32) Importer(815301076,1909f56bfc062723c751e8b465ee728b) (PreviewImporter) -> (artifact id: '00000000000000000000000000000000') in 0.0006571 seconds
Import Error Code:(4)
Message: Build asset version error: assets/scripts/bullet.cs in SourceAssetDB has modification time of '2025-03-19T22:53:49.6375417Z' while content on disk has modification time of '2025-03-19T22:54:05.2655147Z'
  ERROR: Build asset version error: assets/scripts/bullet.cs in SourceAssetDB has modification time of '2025-03-19T22:53:49.6375417Z' while content on disk has modification time of '2025-03-19T22:54:05.2655147Z'
Number of updated asset objects reloaded before import = 0Number of asset objects unloaded after import = 0

========================================================================
Received Import Request.
  Time since last request: 0.000017 seconds.
  path: Assets/scripts/Bullet.cs
  artifactKey: Guid(d7ece56b5237dd043b31efdb61722b32) Importer(815301076,1909f56bfc062723c751e8b465ee728b)
Start importing Assets/scripts/Bullet.cs using Guid(d7ece56b5237dd043b31efdb61722b32) Importer(815301076,1909f56bfc062723c751e8b465ee728b) (PreviewImporter) -> (artifact id: '00000000000000000000000000000000') in 0.0006128 seconds
Import Error Code:(4)
Message: Build asset version error: assets/scripts/bullet.cs in SourceAssetDB has modification time of '2025-03-19T22:53:49.6375417Z' while content on disk has modification time of '2025-03-19T22:54:05.2655147Z'
  ERROR: Build asset version error: assets/scripts/bullet.cs in SourceAssetDB has modification time of '2025-03-19T22:53:49.6375417Z' while content on disk has modification time of '2025-03-19T22:54:05.2655147Z'
Number of updated asset objects reloaded before import = 0Number of asset objects unloaded after import = 0

========================================================================
Received Import Request.
  Time since last request: 0.000017 seconds.
  path: Assets/scripts/Bullet.cs
  artifactKey: Guid(d7ece56b5237dd043b31efdb61722b32) Importer(815301076,1909f56bfc062723c751e8b465ee728b)
Start importing Assets/scripts/Bullet.cs using Guid(d7ece56b5237dd043b31efdb61722b32) Importer(815301076,1909f56bfc062723c751e8b465ee728b) (PreviewImporter) -> (artifact id: '00000000000000000000000000000000') in 0.0006917 seconds
Import Error Code:(4)
Message: Build asset version error: assets/scripts/bullet.cs in SourceAssetDB has modification time of '2025-03-19T22:53:49.6375417Z' while content on disk has modification time of '2025-03-19T22:54:05.2655147Z'
  ERROR: Build asset version error: assets/scripts/bullet.cs in SourceAssetDB has modification time of '2025-03-19T22:53:49.6375417Z' while content on disk has modification time of '2025-03-19T22:54:05.2655147Z'
Number of updated asset objects reloaded before import = 0Number of asset objects unloaded after import = 0

========================================================================
Received Import Request.
  Time since last request: 0.000017 seconds.
  path: Assets/scripts/Bullet.cs
  artifactKey: Guid(d7ece56b5237dd043b31efdb61722b32) Importer(815301076,1909f56bfc062723c751e8b465ee728b)
Start importing Assets/scripts/Bullet.cs using Guid(d7ece56b5237dd043b31efdb61722b32) Importer(815301076,1909f56bfc062723c751e8b465ee728b) (PreviewImporter) -> (artifact id: '00000000000000000000000000000000') in 0.0006185 seconds
Import Error Code:(4)
Message: Build asset version error: assets/scripts/bullet.cs in SourceAssetDB has modification time of '2025-03-19T22:53:49.6375417Z' while content on disk has modification time of '2025-03-19T22:54:05.2655147Z'
  ERROR: Build asset version error: assets/scripts/bullet.cs in SourceAssetDB has modification time of '2025-03-19T22:53:49.6375417Z' while content on disk has modification time of '2025-03-19T22:54:05.2655147Z'
Number of updated asset objects reloaded before import = 0Number of asset objects unloaded after import = 0

========================================================================
Received Import Request.
  Time since last request: 0.000023 seconds.
  path: Assets/scripts/Bullet.cs
  artifactKey: Guid(d7ece56b5237dd043b31efdb61722b32) Importer(815301076,1909f56bfc062723c751e8b465ee728b)
Start importing Assets/scripts/Bullet.cs using Guid(d7ece56b5237dd043b31efdb61722b32) Importer(815301076,1909f56bfc062723c751e8b465ee728b) (PreviewImporter) -> (artifact id: '00000000000000000000000000000000') in 0.0005958 seconds
Import Error Code:(4)
Message: Build asset version error: assets/scripts/bullet.cs in SourceAssetDB has modification time of '2025-03-19T22:53:49.6375417Z' while content on disk has modification time of '2025-03-19T22:54:05.2655147Z'
  ERROR: Build asset version error: assets/scripts/bullet.cs in SourceAssetDB has modification time of '2025-03-19T22:53:49.6375417Z' while content on disk has modification time of '2025-03-19T22:54:05.2655147Z'
Number of updated asset objects reloaded before import = 0Number of asset objects unloaded after import = 0

========================================================================
Received Import Request.
  Time since last request: 0.000027 seconds.
  path: Assets/scripts/Bullet.cs
  artifactKey: Guid(d7ece56b5237dd043b31efdb61722b32) Importer(815301076,1909f56bfc062723c751e8b465ee728b)
Start importing Assets/scripts/Bullet.cs using Guid(d7ece56b5237dd043b31efdb61722b32) Importer(815301076,1909f56bfc062723c751e8b465ee728b) (PreviewImporter) -> (artifact id: '00000000000000000000000000000000') in 0.0007166 seconds
Import Error Code:(4)
Message: Build asset version error: assets/scripts/bullet.cs in SourceAssetDB has modification time of '2025-03-19T22:53:49.6375417Z' while content on disk has modification time of '2025-03-19T22:54:05.2655147Z'
  ERROR: Build asset version error: assets/scripts/bullet.cs in SourceAssetDB has modification time of '2025-03-19T22:53:49.6375417Z' while content on disk has modification time of '2025-03-19T22:54:05.2655147Z'
Number of updated asset objects reloaded before import = 0Number of asset objects unloaded after import = 0

========================================================================
Received Import Request.
  Time since last request: 0.000029 seconds.
  path: Assets/scripts/Bullet.cs
  artifactKey: Guid(d7ece56b5237dd043b31efdb61722b32) Importer(815301076,1909f56bfc062723c751e8b465ee728b)
Start importing Assets/scripts/Bullet.cs using Guid(d7ece56b5237dd043b31efdb61722b32) Importer(815301076,1909f56bfc062723c751e8b465ee728b) (PreviewImporter) -> (artifact id: '00000000000000000000000000000000') in 0.0006513 seconds
Import Error Code:(4)
Message: Build asset version error: assets/scripts/bullet.cs in SourceAssetDB has modification time of '2025-03-19T22:53:49.6375417Z' while content on disk has modification time of '2025-03-19T22:54:05.2655147Z'
  ERROR: Build asset version error: assets/scripts/bullet.cs in SourceAssetDB has modification time of '2025-03-19T22:53:49.6375417Z' while content on disk has modification time of '2025-03-19T22:54:05.2655147Z'
Number of updated asset objects reloaded before import = 0Number of asset objects unloaded after import = 0

========================================================================
Received Import Request.
  Time since last request: 0.000018 seconds.
  path: Assets/scripts/Bullet.cs
  artifactKey: Guid(d7ece56b5237dd043b31efdb61722b32) Importer(815301076,1909f56bfc062723c751e8b465ee728b)
Start importing Assets/scripts/Bullet.cs using Guid(d7ece56b5237dd043b31efdb61722b32) Importer(815301076,1909f56bfc062723c751e8b465ee728b) (PreviewImporter) -> (artifact id: '00000000000000000000000000000000') in 0.0006226 seconds
Import Error Code:(4)
Message: Build asset version error: assets/scripts/bullet.cs in SourceAssetDB has modification time of '2025-03-19T22:53:49.6375417Z' while content on disk has modification time of '2025-03-19T22:54:05.2655147Z'
  ERROR: Build asset version error: assets/scripts/bullet.cs in SourceAssetDB has modification time of '2025-03-19T22:53:49.6375417Z' while content on disk has modification time of '2025-03-19T22:54:05.2655147Z'
Number of updated asset objects reloaded before import = 0Number of asset objects unloaded after import = 0

========================================================================
Received Import Request.
  Time since last request: 0.000020 seconds.
  path: Assets/scripts/Bullet.cs
  artifactKey: Guid(d7ece56b5237dd043b31efdb61722b32) Importer(815301076,1909f56bfc062723c751e8b465ee728b)
Start importing Assets/scripts/Bullet.cs using Guid(d7ece56b5237dd043b31efdb61722b32) Importer(815301076,1909f56bfc062723c751e8b465ee728b) (PreviewImporter) -> (artifact id: '00000000000000000000000000000000') in 0.0008372 seconds
Import Error Code:(4)
Message: Build asset version error: assets/scripts/bullet.cs in SourceAssetDB has modification time of '2025-03-19T22:53:49.6375417Z' while content on disk has modification time of '2025-03-19T22:54:05.2655147Z'
  ERROR: Build asset version error: assets/scripts/bullet.cs in SourceAssetDB has modification time of '2025-03-19T22:53:49.6375417Z' while content on disk has modification time of '2025-03-19T22:54:05.2655147Z'
Number of updated asset objects reloaded before import = 0Number of asset objects unloaded after import = 0

========================================================================
Received Import Request.
  Time since last request: 0.000023 seconds.
  path: Assets/scripts/Bullet.cs
  artifactKey: Guid(d7ece56b5237dd043b31efdb61722b32) Importer(815301076,1909f56bfc062723c751e8b465ee728b)
Start importing Assets/scripts/Bullet.cs using Guid(d7ece56b5237dd043b31efdb61722b32) Importer(815301076,1909f56bfc062723c751e8b465ee728b) (PreviewImporter) -> (artifact id: '00000000000000000000000000000000') in 0.0006753 seconds
Import Error Code:(4)
Message: Build asset version error: assets/scripts/bullet.cs in SourceAssetDB has modification time of '2025-03-19T22:53:49.6375417Z' while content on disk has modification time of '2025-03-19T22:54:05.2655147Z'
  ERROR: Build asset version error: assets/scripts/bullet.cs in SourceAssetDB has modification time of '2025-03-19T22:53:49.6375417Z' while content on disk has modification time of '2025-03-19T22:54:05.2655147Z'
Number of updated asset objects reloaded before import = 0Number of asset objects unloaded after import = 0

========================================================================
Received Import Request.
  Time since last request: 0.000017 seconds.
  path: Assets/scripts/Bullet.cs
  artifactKey: Guid(d7ece56b5237dd043b31efdb61722b32) Importer(815301076,1909f56bfc062723c751e8b465ee728b)
Start importing Assets/scripts/Bullet.cs using Guid(d7ece56b5237dd043b31efdb61722b32) Importer(815301076,1909f56bfc062723c751e8b465ee728b) (PreviewImporter) -> (artifact id: '00000000000000000000000000000000') in 0.0006561 seconds
Import Error Code:(4)
Message: Build asset version error: assets/scripts/bullet.cs in SourceAssetDB has modification time of '2025-03-19T22:53:49.6375417Z' while content on disk has modification time of '2025-03-19T22:54:05.2655147Z'
  ERROR: Build asset version error: assets/scripts/bullet.cs in SourceAssetDB has modification time of '2025-03-19T22:53:49.6375417Z' while content on disk has modification time of '2025-03-19T22:54:05.2655147Z'
Number of updated asset objects reloaded before import = 0Number of asset objects unloaded after import = 0

========================================================================
Received Import Request.
  Time since last request: 0.000023 seconds.
  path: Assets/scripts/Bullet.cs
  artifactKey: Guid(d7ece56b5237dd043b31efdb61722b32) Importer(815301076,1909f56bfc062723c751e8b465ee728b)
Start importing Assets/scripts/Bullet.cs using Guid(d7ece56b5237dd043b31efdb61722b32) Importer(815301076,1909f56bfc062723c751e8b465ee728b) (PreviewImporter) -> (artifact id: '00000000000000000000000000000000') in 0.0009368 seconds
Import Error Code:(4)
Message: Build asset version error: assets/scripts/bullet.cs in SourceAssetDB has modification time of '2025-03-19T22:53:49.6375417Z' while content on disk has modification time of '2025-03-19T22:54:05.2655147Z'
  ERROR: Build asset version error: assets/scripts/bullet.cs in SourceAssetDB has modification time of '2025-03-19T22:53:49.6375417Z' while content on disk has modification time of '2025-03-19T22:54:05.2655147Z'
Number of updated asset objects reloaded before import = 0Number of asset objects unloaded after import = 0

========================================================================
Received Import Request.
  Time since last request: 0.000021 seconds.
  path: Assets/scripts/Bullet.cs
  artifactKey: Guid(d7ece56b5237dd043b31efdb61722b32) Importer(815301076,1909f56bfc062723c751e8b465ee728b)
Start importing Assets/scripts/Bullet.cs using Guid(d7ece56b5237dd043b31efdb61722b32) Importer(815301076,1909f56bfc062723c751e8b465ee728b) (PreviewImporter) -> (artifact id: '00000000000000000000000000000000') in 0.0006426 seconds
Import Error Code:(4)
Message: Build asset version error: assets/scripts/bullet.cs in SourceAssetDB has modification time of '2025-03-19T22:53:49.6375417Z' while content on disk has modification time of '2025-03-19T22:54:05.2655147Z'
  ERROR: Build asset version error: assets/scripts/bullet.cs in SourceAssetDB has modification time of '2025-03-19T22:53:49.6375417Z' while content on disk has modification time of '2025-03-19T22:54:05.2655147Z'
Number of updated asset objects reloaded before import = 0Number of asset objects unloaded after import = 0

========================================================================
Received Import Request.
  Time since last request: 0.000031 seconds.
  path: Assets/scripts/Bullet.cs
  artifactKey: Guid(d7ece56b5237dd043b31efdb61722b32) Importer(815301076,1909f56bfc062723c751e8b465ee728b)
Start importing Assets/scripts/Bullet.cs using Guid(d7ece56b5237dd043b31efdb61722b32) Importer(815301076,1909f56bfc062723c751e8b465ee728b) (PreviewImporter) -> (artifact id: '00000000000000000000000000000000') in 0.00067 seconds
Import Error Code:(4)
Message: Build asset version error: assets/scripts/bullet.cs in SourceAssetDB has modification time of '2025-03-19T22:53:49.6375417Z' while content on disk has modification time of '2025-03-19T22:54:05.2655147Z'
  ERROR: Build asset version error: assets/scripts/bullet.cs in SourceAssetDB has modification time of '2025-03-19T22:53:49.6375417Z' while content on disk has modification time of '2025-03-19T22:54:05.2655147Z'
Number of updated asset objects reloaded before import = 0Number of asset objects unloaded after import = 0

========================================================================
Received Import Request.
  Time since last request: 0.000021 seconds.
  path: Assets/scripts/Bullet.cs
  artifactKey: Guid(d7ece56b5237dd043b31efdb61722b32) Importer(815301076,1909f56bfc062723c751e8b465ee728b)
Start importing Assets/scripts/Bullet.cs using Guid(d7ece56b5237dd043b31efdb61722b32) Importer(815301076,1909f56bfc062723c751e8b465ee728b) (PreviewImporter) -> (artifact id: '00000000000000000000000000000000') in 0.0006759 seconds
Import Error Code:(4)
Message: Build asset version error: assets/scripts/bullet.cs in SourceAssetDB has modification time of '2025-03-19T22:53:49.6375417Z' while content on disk has modification time of '2025-03-19T22:54:05.2655147Z'
  ERROR: Build asset version error: assets/scripts/bullet.cs in SourceAssetDB has modification time of '2025-03-19T22:53:49.6375417Z' while content on disk has modification time of '2025-03-19T22:54:05.2655147Z'
Number of updated asset objects reloaded before import = 0Number of asset objects unloaded after import = 0

========================================================================
Received Import Request.
  Time since last request: 0.000032 seconds.
  path: Assets/scripts/Bullet.cs
  artifactKey: Guid(d7ece56b5237dd043b31efdb61722b32) Importer(815301076,1909f56bfc062723c751e8b465ee728b)
Start importing Assets/scripts/Bullet.cs using Guid(d7ece56b5237dd043b31efdb61722b32) Importer(815301076,1909f56bfc062723c751e8b465ee728b) (PreviewImporter) -> (artifact id: '00000000000000000000000000000000') in 0.0011018 seconds
Import Error Code:(4)
Message: Build asset version error: assets/scripts/bullet.cs in SourceAssetDB has modification time of '2025-03-19T22:53:49.6375417Z' while content on disk has modification time of '2025-03-19T22:54:05.2655147Z'
  ERROR: Build asset version error: assets/scripts/bullet.cs in SourceAssetDB has modification time of '2025-03-19T22:53:49.6375417Z' while content on disk has modification time of '2025-03-19T22:54:05.2655147Z'
Number of updated asset objects reloaded before import = 0Number of asset objects unloaded after import = 0

========================================================================
Received Import Request.
  Time since last request: 0.000028 seconds.
  path: Assets/scripts/Bullet.cs
  artifactKey: Guid(d7ece56b5237dd043b31efdb61722b32) Importer(815301076,1909f56bfc062723c751e8b465ee728b)
Start importing Assets/scripts/Bullet.cs using Guid(d7ece56b5237dd043b31efdb61722b32) Importer(815301076,1909f56bfc062723c751e8b465ee728b) (PreviewImporter) -> (artifact id: '00000000000000000000000000000000') in 0.0013347 seconds
Import Error Code:(4)
Message: Build asset version error: assets/scripts/bullet.cs in SourceAssetDB has modification time of '2025-03-19T22:53:49.6375417Z' while content on disk has modification time of '2025-03-19T22:54:05.2655147Z'
  ERROR: Build asset version error: assets/scripts/bullet.cs in SourceAssetDB has modification time of '2025-03-19T22:53:49.6375417Z' while content on disk has modification time of '2025-03-19T22:54:05.2655147Z'
Number of updated asset objects reloaded before import = 0Number of asset objects unloaded after import = 0

========================================================================
Received Import Request.
  Time since last request: 0.000035 seconds.
  path: Assets/scripts/Bullet.cs
  artifactKey: Guid(d7ece56b5237dd043b31efdb61722b32) Importer(815301076,1909f56bfc062723c751e8b465ee728b)
Start importing Assets/scripts/Bullet.cs using Guid(d7ece56b5237dd043b31efdb61722b32) Importer(815301076,1909f56bfc062723c751e8b465ee728b) (PreviewImporter) -> (artifact id: '00000000000000000000000000000000') in 0.0008611 seconds
Import Error Code:(4)
Message: Build asset version error: assets/scripts/bullet.cs in SourceAssetDB has modification time of '2025-03-19T22:53:49.6375417Z' while content on disk has modification time of '2025-03-19T22:54:05.2655147Z'
  ERROR: Build asset version error: assets/scripts/bullet.cs in SourceAssetDB has modification time of '2025-03-19T22:53:49.6375417Z' while content on disk has modification time of '2025-03-19T22:54:05.2655147Z'
Number of updated asset objects reloaded before import = 0Number of asset objects unloaded after import = 0

========================================================================
Received Import Request.
  Time since last request: 0.000028 seconds.
  path: Assets/scripts/Bullet.cs
  artifactKey: Guid(d7ece56b5237dd043b31efdb61722b32) Importer(815301076,1909f56bfc062723c751e8b465ee728b)
Start importing Assets/scripts/Bullet.cs using Guid(d7ece56b5237dd043b31efdb61722b32) Importer(815301076,1909f56bfc062723c751e8b465ee728b) (PreviewImporter) -> (artifact id: '00000000000000000000000000000000') in 0.0009133 seconds
Import Error Code:(4)
Message: Build asset version error: assets/scripts/bullet.cs in SourceAssetDB has modification time of '2025-03-19T22:53:49.6375417Z' while content on disk has modification time of '2025-03-19T22:54:05.2655147Z'
  ERROR: Build asset version error: assets/scripts/bullet.cs in SourceAssetDB has modification time of '2025-03-19T22:53:49.6375417Z' while content on disk has modification time of '2025-03-19T22:54:05.2655147Z'
Number of updated asset objects reloaded before import = 0Number of asset objects unloaded after import = 0

========================================================================
Received Import Request.
  Time since last request: 0.000039 seconds.
  path: Assets/scripts/Bullet.cs
  artifactKey: Guid(d7ece56b5237dd043b31efdb61722b32) Importer(815301076,1909f56bfc062723c751e8b465ee728b)
Start importing Assets/scripts/Bullet.cs using Guid(d7ece56b5237dd043b31efdb61722b32) Importer(815301076,1909f56bfc062723c751e8b465ee728b) (PreviewImporter) -> (artifact id: '00000000000000000000000000000000') in 0.000952 seconds
Import Error Code:(4)
Message: Build asset version error: assets/scripts/bullet.cs in SourceAssetDB has modification time of '2025-03-19T22:53:49.6375417Z' while content on disk has modification time of '2025-03-19T22:54:05.2655147Z'
  ERROR: Build asset version error: assets/scripts/bullet.cs in SourceAssetDB has modification time of '2025-03-19T22:53:49.6375417Z' while content on disk has modification time of '2025-03-19T22:54:05.2655147Z'
Number of updated asset objects reloaded before import = 0Number of asset objects unloaded after import = 0

========================================================================
Received Import Request.
  Time since last request: 0.000027 seconds.
  path: Assets/scripts/Bullet.cs
  artifactKey: Guid(d7ece56b5237dd043b31efdb61722b32) Importer(815301076,1909f56bfc062723c751e8b465ee728b)
Start importing Assets/scripts/Bullet.cs using Guid(d7ece56b5237dd043b31efdb61722b32) Importer(815301076,1909f56bfc062723c751e8b465ee728b) (PreviewImporter) -> (artifact id: '00000000000000000000000000000000') in 0.0011142 seconds
Import Error Code:(4)
Message: Build asset version error: assets/scripts/bullet.cs in SourceAssetDB has modification time of '2025-03-19T22:53:49.6375417Z' while content on disk has modification time of '2025-03-19T22:54:05.2655147Z'
  ERROR: Build asset version error: assets/scripts/bullet.cs in SourceAssetDB has modification time of '2025-03-19T22:53:49.6375417Z' while content on disk has modification time of '2025-03-19T22:54:05.2655147Z'
Number of updated asset objects reloaded before import = 0Number of asset objects unloaded after import = 0

========================================================================
Received Import Request.
  Time since last request: 0.000030 seconds.
  path: Assets/scripts/Bullet.cs
  artifactKey: Guid(d7ece56b5237dd043b31efdb61722b32) Importer(815301076,1909f56bfc062723c751e8b465ee728b)
Start importing Assets/scripts/Bullet.cs using Guid(d7ece56b5237dd043b31efdb61722b32) Importer(815301076,1909f56bfc062723c751e8b465ee728b) (PreviewImporter) -> (artifact id: '00000000000000000000000000000000') in 0.000853 seconds
Import Error Code:(4)
Message: Build asset version error: assets/scripts/bullet.cs in SourceAssetDB has modification time of '2025-03-19T22:53:49.6375417Z' while content on disk has modification time of '2025-03-19T22:54:05.2655147Z'
  ERROR: Build asset version error: assets/scripts/bullet.cs in SourceAssetDB has modification time of '2025-03-19T22:53:49.6375417Z' while content on disk has modification time of '2025-03-19T22:54:05.2655147Z'
Number of updated asset objects reloaded before import = 0Number of asset objects unloaded after import = 0

========================================================================
Received Import Request.
  Time since last request: 0.000054 seconds.
  path: Assets/scripts/Bullet.cs
  artifactKey: Guid(d7ece56b5237dd043b31efdb61722b32) Importer(815301076,1909f56bfc062723c751e8b465ee728b)
Start importing Assets/scripts/Bullet.cs using Guid(d7ece56b5237dd043b31efdb61722b32) Importer(815301076,1909f56bfc062723c751e8b465ee728b) (PreviewImporter) -> (artifact id: '00000000000000000000000000000000') in 0.0008355 seconds
Import Error Code:(4)
Message: Build asset version error: assets/scripts/bullet.cs in SourceAssetDB has modification time of '2025-03-19T22:53:49.6375417Z' while content on disk has modification time of '2025-03-19T22:54:05.2655147Z'
  ERROR: Build asset version error: assets/scripts/bullet.cs in SourceAssetDB has modification time of '2025-03-19T22:53:49.6375417Z' while content on disk has modification time of '2025-03-19T22:54:05.2655147Z'
Number of updated asset objects reloaded before import = 0Number of asset objects unloaded after import = 0

========================================================================
Received Import Request.
  Time since last request: 0.000034 seconds.
  path: Assets/scripts/Bullet.cs
  artifactKey: Guid(d7ece56b5237dd043b31efdb61722b32) Importer(815301076,1909f56bfc062723c751e8b465ee728b)
Start importing Assets/scripts/Bullet.cs using Guid(d7ece56b5237dd043b31efdb61722b32) Importer(815301076,1909f56bfc062723c751e8b465ee728b) (PreviewImporter) -> (artifact id: '00000000000000000000000000000000') in 0.0009949 seconds
Import Error Code:(4)
Message: Build asset version error: assets/scripts/bullet.cs in SourceAssetDB has modification time of '2025-03-19T22:53:49.6375417Z' while content on disk has modification time of '2025-03-19T22:54:05.2655147Z'
  ERROR: Build asset version error: assets/scripts/bullet.cs in SourceAssetDB has modification time of '2025-03-19T22:53:49.6375417Z' while content on disk has modification time of '2025-03-19T22:54:05.2655147Z'
Number of updated asset objects reloaded before import = 0Number of asset objects unloaded after import = 0

========================================================================
Received Import Request.
  Time since last request: 0.000026 seconds.
  path: Assets/scripts/Bullet.cs
  artifactKey: Guid(d7ece56b5237dd043b31efdb61722b32) Importer(815301076,1909f56bfc062723c751e8b465ee728b)
Start importing Assets/scripts/Bullet.cs using Guid(d7ece56b5237dd043b31efdb61722b32) Importer(815301076,1909f56bfc062723c751e8b465ee728b) (PreviewImporter) -> (artifact id: '00000000000000000000000000000000') in 0.0006946 seconds
Import Error Code:(4)
Message: Build asset version error: assets/scripts/bullet.cs in SourceAssetDB has modification time of '2025-03-19T22:53:49.6375417Z' while content on disk has modification time of '2025-03-19T22:54:05.2655147Z'
  ERROR: Build asset version error: assets/scripts/bullet.cs in SourceAssetDB has modification time of '2025-03-19T22:53:49.6375417Z' while content on disk has modification time of '2025-03-19T22:54:05.2655147Z'
Number of updated asset objects reloaded before import = 0Number of asset objects unloaded after import = 0

========================================================================
Received Import Request.
  Time since last request: 0.000052 seconds.
  path: Assets/scripts/Bullet.cs
  artifactKey: Guid(d7ece56b5237dd043b31efdb61722b32) Importer(815301076,1909f56bfc062723c751e8b465ee728b)
Start importing Assets/scripts/Bullet.cs using Guid(d7ece56b5237dd043b31efdb61722b32) Importer(815301076,1909f56bfc062723c751e8b465ee728b) (PreviewImporter) -> (artifact id: '00000000000000000000000000000000') in 0.00095 seconds
Import Error Code:(4)
Message: Build asset version error: assets/scripts/bullet.cs in SourceAssetDB has modification time of '2025-03-19T22:53:49.6375417Z' while content on disk has modification time of '2025-03-19T22:54:05.2655147Z'
  ERROR: Build asset version error: assets/scripts/bullet.cs in SourceAssetDB has modification time of '2025-03-19T22:53:49.6375417Z' while content on disk has modification time of '2025-03-19T22:54:05.2655147Z'
Number of updated asset objects reloaded before import = 0Number of asset objects unloaded after import = 0

========================================================================
Received Import Request.
  Time since last request: 0.000022 seconds.
  path: Assets/scripts/Bullet.cs
  artifactKey: Guid(d7ece56b5237dd043b31efdb61722b32) Importer(815301076,1909f56bfc062723c751e8b465ee728b)
Start importing Assets/scripts/Bullet.cs using Guid(d7ece56b5237dd043b31efdb61722b32) Importer(815301076,1909f56bfc062723c751e8b465ee728b) (PreviewImporter) -> (artifact id: '00000000000000000000000000000000') in 0.0006979 seconds
Import Error Code:(4)
Message: Build asset version error: assets/scripts/bullet.cs in SourceAssetDB has modification time of '2025-03-19T22:53:49.6375417Z' while content on disk has modification time of '2025-03-19T22:54:05.2655147Z'
  ERROR: Build asset version error: assets/scripts/bullet.cs in SourceAssetDB has modification time of '2025-03-19T22:53:49.6375417Z' while content on disk has modification time of '2025-03-19T22:54:05.2655147Z'
Number of updated asset objects reloaded before import = 0Number of asset objects unloaded after import = 0

========================================================================
Received Import Request.
  Time since last request: 0.000030 seconds.
  path: Assets/scripts/Bullet.cs
  artifactKey: Guid(d7ece56b5237dd043b31efdb61722b32) Importer(815301076,1909f56bfc062723c751e8b465ee728b)
Start importing Assets/scripts/Bullet.cs using Guid(d7ece56b5237dd043b31efdb61722b32) Importer(815301076,1909f56bfc062723c751e8b465ee728b) (PreviewImporter) -> (artifact id: '00000000000000000000000000000000') in 0.0007347 seconds
Import Error Code:(4)
Message: Build asset version error: assets/scripts/bullet.cs in SourceAssetDB has modification time of '2025-03-19T22:53:49.6375417Z' while content on disk has modification time of '2025-03-19T22:54:05.2655147Z'
  ERROR: Build asset version error: assets/scripts/bullet.cs in SourceAssetDB has modification time of '2025-03-19T22:53:49.6375417Z' while content on disk has modification time of '2025-03-19T22:54:05.2655147Z'
Number of updated asset objects reloaded before import = 0Number of asset objects unloaded after import = 0

========================================================================
Received Import Request.
  Time since last request: 0.000032 seconds.
  path: Assets/scripts/Bullet.cs
  artifactKey: Guid(d7ece56b5237dd043b31efdb61722b32) Importer(815301076,1909f56bfc062723c751e8b465ee728b)
Start importing Assets/scripts/Bullet.cs using Guid(d7ece56b5237dd043b31efdb61722b32) Importer(815301076,1909f56bfc062723c751e8b465ee728b) (PreviewImporter) -> (artifact id: '00000000000000000000000000000000') in 0.0006783 seconds
Import Error Code:(4)
Message: Build asset version error: assets/scripts/bullet.cs in SourceAssetDB has modification time of '2025-03-19T22:53:49.6375417Z' while content on disk has modification time of '2025-03-19T22:54:05.2655147Z'
  ERROR: Build asset version error: assets/scripts/bullet.cs in SourceAssetDB has modification time of '2025-03-19T22:53:49.6375417Z' while content on disk has modification time of '2025-03-19T22:54:05.2655147Z'
Number of updated asset objects reloaded before import = 0Number of asset objects unloaded after import = 0

========================================================================
Received Import Request.
  Time since last request: 0.000027 seconds.
  path: Assets/scripts/Bullet.cs
  artifactKey: Guid(d7ece56b5237dd043b31efdb61722b32) Importer(815301076,1909f56bfc062723c751e8b465ee728b)
Start importing Assets/scripts/Bullet.cs using Guid(d7ece56b5237dd043b31efdb61722b32) Importer(815301076,1909f56bfc062723c751e8b465ee728b) (PreviewImporter) -> (artifact id: '00000000000000000000000000000000') in 0.0007334 seconds
Import Error Code:(4)
Message: Build asset version error: assets/scripts/bullet.cs in SourceAssetDB has modification time of '2025-03-19T22:53:49.6375417Z' while content on disk has modification time of '2025-03-19T22:54:05.2655147Z'
  ERROR: Build asset version error: assets/scripts/bullet.cs in SourceAssetDB has modification time of '2025-03-19T22:53:49.6375417Z' while content on disk has modification time of '2025-03-19T22:54:05.2655147Z'
Number of updated asset objects reloaded before import = 0Number of asset objects unloaded after import = 0

========================================================================
Received Prepare
Assembly reference Packages/com.unity.cinemachine/Editor/Samples/ExposeHDRPInternals/HDRP-Editor-ref.asmref has no target assembly definition
Assembly reference Packages/com.unity.cinemachine/Editor/Samples/ExposeHDRPInternals/HDRP-Editor-ref.asmref has no target assembly definition
Begin MonoManager ReloadAssembly
- Loaded All Assemblies, in  1.029 seconds
Assembly reference Packages/com.unity.cinemachine/Editor/Samples/ExposeHDRPInternals/HDRP-Editor-ref.asmref has no target assembly definition
'Packages/com.unity.cinemachine/Editor/Obsolete/CinemachineVirtualCameraBaseEditor.cs' contains partial class of Unity.Object, exactly 1 of the partial classes needs to be in a file with the same filename. This is to know the one that can be referenced from ie. GameObjects
'Packages/com.unity.cinemachine/Editor/Editors/CinemachineVirtualCameraBaseEditor.cs' contains partial class of Unity.Object, exactly 1 of the partial classes needs to be in a file with the same filename. This is to know the one that can be referenced from ie. GameObjects
Refreshing native plugins compatible for Editor in 2.30 ms, found 4 plugins.
Native extension for WindowsStandalone target not found
Native extension for WebGL target not found
Assembly reference Packages/com.unity.cinemachine/Editor/Samples/ExposeHDRPInternals/HDRP-Editor-ref.asmref has no target assembly definition
[Package Manager] Failed to launch server process. Reason: Unity was launched with the -noUpm command-line argument
[Package Manager] Unable to send message (not connected to server process).
[Package Manager] Cannot connect to Unity Package Manager local server
Mono: successfully reloaded assembly
- Finished resetting the current domain, in  0.995 seconds
Domain Reload Profiling: 2019ms
	BeginReloadAssembly (268ms)
		ExecutionOrderSort (0ms)
		DisableScriptedObjects (19ms)
		BackupInstance (0ms)
		ReleaseScriptingObjects (0ms)
		CreateAndSetChildDomain (63ms)
	RebuildCommonClasses (47ms)
	RebuildNativeTypeToScriptingClass (15ms)
	initialDomainReloadingComplete (39ms)
	LoadAllAssembliesAndSetupDomain (656ms)
		LoadAssemblies (519ms)
		RebuildTransferFunctionScriptingTraits (0ms)
		AnalyzeDomain (271ms)
			TypeCache.Refresh (12ms)
				TypeCache.ScanAssembly (1ms)
			BuildScriptInfoCaches (239ms)
			ResolveRequiredComponents (15ms)
	FinalizeReload (995ms)
		ReleaseScriptCaches (0ms)
		RebuildScriptCaches (0ms)
		SetupLoadedEditorAssemblies (742ms)
			LogAssemblyErrors (0ms)
			InitializePlatformSupportModulesInManaged (4ms)
			SetLoadedEditorAssemblies (7ms)
			BeforeProcessingInitializeOnLoad (154ms)
			ProcessInitializeOnLoadAttributes (495ms)
			ProcessInitializeOnLoadMethodAttributes (72ms)
			AfterProcessingInitializeOnLoad (9ms)
			EditorAssembliesLoaded (1ms)
		ExecutionOrderSort2 (0ms)
		AwakeInstancesAfterBackupRestoration (20ms)
Refreshing native plugins compatible for Editor in 2.12 ms, found 4 plugins.
Preloading 0 native plugins for Editor in 0.00 ms.
Unloading 14 Unused Serialized files (Serialized files now loaded: 0)
Unloading 6962 unused Assets / (4.6 MB). Loaded Objects now: 7716.
Memory consumption went from 164.2 MB to 159.6 MB.
Total: 12.535000 ms (FindLiveObjects: 1.104900 ms CreateObjectMapping: 1.091100 ms MarkObjects: 6.748600 ms  DeleteObjects: 3.588900 ms)

Prepare: number of updated asset objects reloaded= 0
========================================================================
Received Prepare
Assembly reference Packages/com.unity.cinemachine/Editor/Samples/ExposeHDRPInternals/HDRP-Editor-ref.asmref has no target assembly definition
Assembly reference Packages/com.unity.cinemachine/Editor/Samples/ExposeHDRPInternals/HDRP-Editor-ref.asmref has no target assembly definition
Begin MonoManager ReloadAssembly
- Loaded All Assemblies, in  0.967 seconds
Assembly reference Packages/com.unity.cinemachine/Editor/Samples/ExposeHDRPInternals/HDRP-Editor-ref.asmref has no target assembly definition
'Packages/com.unity.cinemachine/Editor/Obsolete/CinemachineVirtualCameraBaseEditor.cs' contains partial class of Unity.Object, exactly 1 of the partial classes needs to be in a file with the same filename. This is to know the one that can be referenced from ie. GameObjects
'Packages/com.unity.cinemachine/Editor/Editors/CinemachineVirtualCameraBaseEditor.cs' contains partial class of Unity.Object, exactly 1 of the partial classes needs to be in a file with the same filename. This is to know the one that can be referenced from ie. GameObjects
Refreshing native plugins compatible for Editor in 1.98 ms, found 4 plugins.
Native extension for WindowsStandalone target not found
Native extension for WebGL target not found
Assembly reference Packages/com.unity.cinemachine/Editor/Samples/ExposeHDRPInternals/HDRP-Editor-ref.asmref has no target assembly definition
[Package Manager] Failed to launch server process. Reason: Unity was launched with the -noUpm command-line argument
[Package Manager] Unable to send message (not connected to server process).
[Package Manager] Cannot connect to Unity Package Manager local server
Mono: successfully reloaded assembly
- Finished resetting the current domain, in  1.028 seconds
Domain Reload Profiling: 1992ms
	BeginReloadAssembly (235ms)
		ExecutionOrderSort (0ms)
		DisableScriptedObjects (15ms)
		BackupInstance (0ms)
		ReleaseScriptingObjects (0ms)
		CreateAndSetChildDomain (59ms)
	RebuildCommonClasses (42ms)
	RebuildNativeTypeToScriptingClass (14ms)
	initialDomainReloadingComplete (37ms)
	LoadAllAssembliesAndSetupDomain (635ms)
		LoadAssemblies (472ms)
		RebuildTransferFunctionScriptingTraits (0ms)
		AnalyzeDomain (276ms)
			TypeCache.Refresh (7ms)
				TypeCache.ScanAssembly (0ms)
			BuildScriptInfoCaches (250ms)
			ResolveRequiredComponents (13ms)
	FinalizeReload (1029ms)
		ReleaseScriptCaches (0ms)
		RebuildScriptCaches (0ms)
		SetupLoadedEditorAssemblies (786ms)
			LogAssemblyErrors (0ms)
			InitializePlatformSupportModulesInManaged (4ms)
			SetLoadedEditorAssemblies (8ms)
			BeforeProcessingInitializeOnLoad (160ms)
			ProcessInitializeOnLoadAttributes (525ms)
			ProcessInitializeOnLoadMethodAttributes (77ms)
			AfterProcessingInitializeOnLoad (13ms)
			EditorAssembliesLoaded (1ms)
		ExecutionOrderSort2 (0ms)
		AwakeInstancesAfterBackupRestoration (19ms)
Refreshing native plugins compatible for Editor in 2.49 ms, found 4 plugins.
Preloading 0 native plugins for Editor in 0.00 ms.
Unloading 14 Unused Serialized files (Serialized files now loaded: 0)
Unloading 6962 unused Assets / (4.7 MB). Loaded Objects now: 7718.
Memory consumption went from 164.3 MB to 159.6 MB.
Total: 10.968600 ms (FindLiveObjects: 0.982900 ms CreateObjectMapping: 0.926000 ms MarkObjects: 5.768100 ms  DeleteObjects: 3.290100 ms)

Prepare: number of updated asset objects reloaded= 0
